FAILED tests/test_compression_phantom_barrier.py::test_non_running_state_is_rebound_through_real_done_listener[A-to-A]
FAILED tests/test_compression_phantom_barrier.py::test_non_running_state_is_rebound_through_real_done_listener[A-to-B]
FAILED tests/test_compression_phantom_barrier.py::test_owned_running_state_is_cleared_through_real_sse_path[A-to-A]
FAILED tests/test_compression_phantom_barrier.py::test_owned_running_state_is_cleared_through_real_sse_path[A-to-B]
FAILED tests/test_compression_phantom_barrier.py::test_reverting_cleanup_branch_breaks_owned_running_only
FAILED tests/test_compression_phantom_barrier.py::test_unowned_compression_controls_are_untouched[manual]
FAILED tests/test_compression_phantom_barrier.py::test_unowned_compression_controls_are_untouched[stale-owner]
FAILED tests/test_compression_phantom_barrier.py::test_unowned_compression_controls_are_untouched[unowned]
FAILED tests/test_excalidraw_inline_embed.py::test_excalidraw_i18n_keys
FAILED tests/test_extension_turn_lifecycle.py::test_real_sse_terminal_callback_observes_settled_core_state[apperror-cancel-turn:cancel-interrupted-settled-interrupted]
FAILED tests/test_extension_turn_lifecycle.py::test_real_sse_terminal_callback_observes_settled_core_state[apperror-turn:error-provider_error-settled-error]
FAILED tests/test_extension_turn_lifecycle.py::test_real_sse_terminal_callback_observes_settled_core_state[cancel-turn:cancel-cancelled-settled-cancel]
FAILED tests/test_extension_turn_lifecycle.py::test_real_sse_terminal_callback_observes_settled_core_state[connection-error-turn:error-connection_lost-**Connection
FAILED tests/test_extension_turn_lifecycle.py::test_real_sse_terminal_callback_observes_settled_core_state[done-turn:complete-completed-settled-done]
FAILED tests/test_issue1116_composer_placeholder.py::TestComposerPlaceholderProfile::test_settings_copy_names_default_assistant_scope
FAILED tests/test_issue1255_refine_selection.py::test_refine_draft_ends_with_localized_instruction_and_one_space_across_all_locales
FAILED tests/test_issue1488_composer_voice_buttons.py::TestComposerVoiceButtonI18n::test_all_locales_define_new_keys
FAILED tests/test_issue1488_composer_voice_buttons.py::TestComposerVoiceButtonI18n::test_english_dictate_label_is_dictate
FAILED tests/test_issue1488_composer_voice_buttons.py::TestComposerVoiceButtonI18n::test_english_voice_mode_label_is_voice_mode
FAILED tests/test_issue1488_composer_voice_buttons.py::TestVoiceModePreferenceGate::test_settings_pane_has_voice_mode_i18n_keys
FAILED tests/test_issue5932_kanban_board_default_workdir_layout.py::test_board_modal_default_workdir_layout[1024-600-de]
FAILED tests/test_issue5932_kanban_board_default_workdir_layout.py::test_board_modal_default_workdir_layout[1024-600-en]
FAILED tests/test_issue5932_kanban_board_default_workdir_layout.py::test_board_modal_default_workdir_layout[1024-600-ru]
FAILED tests/test_issue5932_kanban_board_default_workdir_layout.py::test_board_modal_default_workdir_layout[1280-800-de]
FAILED tests/test_issue5932_kanban_board_default_workdir_layout.py::test_board_modal_default_workdir_layout[1280-800-en]
FAILED tests/test_issue5932_kanban_board_default_workdir_layout.py::test_board_modal_default_workdir_layout[1280-800-ru]
FAILED tests/test_issue5932_kanban_board_default_workdir_layout.py::test_board_modal_default_workdir_layout[400-800-de]
FAILED tests/test_issue5932_kanban_board_default_workdir_layout.py::test_board_modal_default_workdir_layout[400-800-en]
FAILED tests/test_issue5932_kanban_board_default_workdir_layout.py::test_board_modal_default_workdir_layout[400-800-ru]
FAILED tests/test_issue5932_kanban_board_default_workdir_layout.py::test_board_modal_default_workdir_layout[768-800-de]
FAILED tests/test_issue5932_kanban_board_default_workdir_layout.py::test_board_modal_default_workdir_layout[768-800-en]
FAILED tests/test_issue5932_kanban_board_default_workdir_layout.py::test_board_modal_default_workdir_layout[768-800-ru]
FAILED tests/test_issue6906_kanban_modal_height_cap.py::test_board_modal_inherits_reachable_modal_geometry[de]
FAILED tests/test_issue6906_kanban_modal_height_cap.py::test_board_modal_inherits_reachable_modal_geometry[en]
FAILED tests/test_issue6906_kanban_modal_height_cap.py::test_board_modal_inherits_reachable_modal_geometry[ru]
FAILED tests/test_issue6906_kanban_modal_height_cap.py::test_task_modal_actions_reachable_across_viewports[1280-720-True-48-de]
FAILED tests/test_issue6906_kanban_modal_height_cap.py::test_task_modal_actions_reachable_across_viewports[1280-720-True-48-en]
FAILED tests/test_issue6906_kanban_modal_height_cap.py::test_task_modal_actions_reachable_across_viewports[1280-720-True-48-ru]
FAILED tests/test_issue6906_kanban_modal_height_cap.py::test_task_modal_actions_reachable_across_viewports[1440-800-True-48-de]
FAILED tests/test_issue6906_kanban_modal_height_cap.py::test_task_modal_actions_reachable_across_viewports[1440-800-True-48-en]
FAILED tests/test_issue6906_kanban_modal_height_cap.py::test_task_modal_actions_reachable_across_viewports[1440-800-True-48-ru]
FAILED tests/test_issue6906_kanban_modal_height_cap.py::test_task_modal_actions_reachable_across_viewports[1920-1080-False-48-de]
FAILED tests/test_issue6906_kanban_modal_height_cap.py::test_task_modal_actions_reachable_across_viewports[1920-1080-False-48-en]
FAILED tests/test_issue6906_kanban_modal_height_cap.py::test_task_modal_actions_reachable_across_viewports[1920-1080-False-48-ru]
FAILED tests/test_issue6906_kanban_modal_height_cap.py::test_task_modal_actions_reachable_across_viewports[400-800-True-24-de]
FAILED tests/test_issue6906_kanban_modal_height_cap.py::test_task_modal_actions_reachable_across_viewports[400-800-True-24-en]
FAILED tests/test_issue6906_kanban_modal_height_cap.py::test_task_modal_actions_reachable_across_viewports[400-800-True-24-ru]
FAILED tests/test_issue6906_kanban_modal_height_cap.py::test_task_modal_actions_reachable_across_viewports[640-480-True-24-de]
FAILED tests/test_issue6906_kanban_modal_height_cap.py::test_task_modal_actions_reachable_across_viewports[640-480-True-24-en]
FAILED tests/test_issue6906_kanban_modal_height_cap.py::test_task_modal_actions_reachable_across_viewports[640-480-True-24-ru]
FAILED tests/test_issue6906_kanban_modal_height_cap.py::test_task_modal_actions_reachable_across_viewports[800-450-True-48-de]
FAILED tests/test_issue6906_kanban_modal_height_cap.py::test_task_modal_actions_reachable_across_viewports[800-450-True-48-en]
FAILED tests/test_issue6906_kanban_modal_height_cap.py::test_task_modal_actions_reachable_across_viewports[800-450-True-48-ru]
FAILED tests/test_ruff_forward_lint.py::test_known_F821_false_positives_are_noqa_suppressed
FAILED tests/test_sprint42.py::TestModelCustomInput::test_model_custom_i18n_keys
FAILED tests/test_update_banner_fixes.py::TestCheckForUpdatesButton::test_check_now_i18n_key_exists
