browser-smoke	UNKNOWN STEP	﻿2026-08-31T01:38:21.4490654Z Current runner version: '2.336.0'
browser-smoke	UNKNOWN STEP	2026-08-31T01:38:21.4516013Z ##[group]Runner Image Provisioner
browser-smoke	UNKNOWN STEP	2026-08-31T01:38:21.4516913Z Hosted Compute Agent
browser-smoke	UNKNOWN STEP	2026-08-31T01:38:21.4517612Z Version: 20260819.586
browser-smoke	UNKNOWN STEP	2026-08-31T01:38:21.4518307Z Commit: 3cc4a88dfa507ef76119ad1bb3eccc6378bb2b76
browser-smoke	UNKNOWN STEP	2026-08-31T01:38:21.4519031Z Build Date: 2026-08-18T23:20:18Z
browser-smoke	UNKNOWN STEP	2026-08-31T01:38:21.4519816Z Worker ID: {9f77949b-6ff9-4096-b965-5f6d86a51d7c}
browser-smoke	UNKNOWN STEP	2026-08-31T01:38:21.4520548Z Azure Region: westus
browser-smoke	UNKNOWN STEP	2026-08-31T01:38:21.4521158Z ##[endgroup]
browser-smoke	UNKNOWN STEP	2026-08-31T01:38:21.4522597Z ##[group]Operating System
browser-smoke	UNKNOWN STEP	2026-08-31T01:38:21.4523226Z Ubuntu
browser-smoke	UNKNOWN STEP	2026-08-31T01:38:21.4524065Z 24.04.4
browser-smoke	UNKNOWN STEP	2026-08-31T01:38:21.4524622Z LTS
browser-smoke	UNKNOWN STEP	2026-08-31T01:38:21.4525202Z ##[endgroup]
browser-smoke	UNKNOWN STEP	2026-08-31T01:38:21.4525773Z ##[group]Runner Image
browser-smoke	UNKNOWN STEP	2026-08-31T01:38:21.4526379Z Image: ubuntu-24.04
browser-smoke	UNKNOWN STEP	2026-08-31T01:38:21.4527022Z Version: 20260823.283.1
browser-smoke	UNKNOWN STEP	2026-08-31T01:38:21.4528256Z Included Software: https://github.com/actions/runner-images/blob/ubuntu24/20260823.283/images/ubuntu/Ubuntu2404-Readme.md
browser-smoke	UNKNOWN STEP	2026-08-31T01:38:21.4529922Z Image Release: https://github.com/actions/runner-images/releases/tag/ubuntu24%2F20260823.283
browser-smoke	UNKNOWN STEP	2026-08-31T01:38:21.4530935Z ##[endgroup]
browser-smoke	UNKNOWN STEP	2026-08-31T01:38:21.4532159Z ##[group]GITHUB_TOKEN Permissions
browser-smoke	UNKNOWN STEP	2026-08-31T01:38:21.4534333Z Contents: read
browser-smoke	UNKNOWN STEP	2026-08-31T01:38:21.4535057Z Metadata: read
browser-smoke	UNKNOWN STEP	2026-08-31T01:38:21.4535624Z Packages: read
browser-smoke	UNKNOWN STEP	2026-08-31T01:38:21.4536212Z ##[endgroup]
browser-smoke	UNKNOWN STEP	2026-08-31T01:38:21.4538347Z Secret source: None
browser-smoke	UNKNOWN STEP	2026-08-31T01:38:21.4539459Z Prepare workflow directory
browser-smoke	UNKNOWN STEP	2026-08-31T01:38:21.4869140Z Prepare all required actions
browser-smoke	UNKNOWN STEP	2026-08-31T01:38:21.4917522Z Getting action download info
browser-smoke	UNKNOWN STEP	2026-08-31T01:38:21.8337922Z Download action repository 'actions/checkout@v4' (SHA:11d5960a326750d5838078e36cf38b85af677262)
browser-smoke	UNKNOWN STEP	2026-08-31T01:38:21.9909816Z Download action repository 'actions/setup-python@v5' (SHA:a26af69be951a213d495a4c3e4e4022e16d87065)
browser-smoke	UNKNOWN STEP	2026-08-31T01:38:22.1958504Z Complete job name: browser-smoke
browser-smoke	UNKNOWN STEP	2026-08-31T01:38:22.2745285Z Node 20 is being deprecated. This workflow is running with Node 24 by default. If you need to temporarily use Node 20, you can set the ACTIONS_ALLOW_USE_UNSECURE_NODE_VERSION=true environment variable. For more information see: https://github.blog/changelog/2025-09-19-deprecation-of-node-20-on-github-actions-runners/
browser-smoke	UNKNOWN STEP	2026-08-31T01:38:22.2754448Z ##[group]Run actions/checkout@v4
browser-smoke	UNKNOWN STEP	2026-08-31T01:38:22.2755225Z with:
browser-smoke	UNKNOWN STEP	2026-08-31T01:38:22.2755673Z   repository: nesquena/hermes-webui
browser-smoke	UNKNOWN STEP	2026-08-31T01:38:22.2759704Z   token: ***
browser-smoke	UNKNOWN STEP	2026-08-31T01:38:22.2760135Z   ssh-strict: true
browser-smoke	UNKNOWN STEP	2026-08-31T01:38:22.2760574Z   ssh-user: git
browser-smoke	UNKNOWN STEP	2026-08-31T01:38:22.2761018Z   persist-credentials: true
browser-smoke	UNKNOWN STEP	2026-08-31T01:38:22.2761515Z   clean: true
browser-smoke	UNKNOWN STEP	2026-08-31T01:38:22.2761972Z   sparse-checkout-cone-mode: true
browser-smoke	UNKNOWN STEP	2026-08-31T01:38:22.2762505Z   fetch-depth: 1
browser-smoke	UNKNOWN STEP	2026-08-31T01:38:22.2762943Z   fetch-tags: false
browser-smoke	UNKNOWN STEP	2026-08-31T01:38:22.2763394Z   show-progress: true
browser-smoke	UNKNOWN STEP	2026-08-31T01:38:22.2764108Z   lfs: false
browser-smoke	UNKNOWN STEP	2026-08-31T01:38:22.2764585Z   submodules: false
browser-smoke	UNKNOWN STEP	2026-08-31T01:38:22.2765034Z   set-safe-directory: true
browser-smoke	UNKNOWN STEP	2026-08-31T01:38:22.2765554Z   allow-unsafe-pr-checkout: false
browser-smoke	UNKNOWN STEP	2026-08-31T01:38:22.2766356Z ##[endgroup]
browser-smoke	UNKNOWN STEP	2026-08-31T01:38:22.3752924Z Syncing repository: nesquena/hermes-webui
browser-smoke	UNKNOWN STEP	2026-08-31T01:38:22.3755268Z ##[group]Getting Git version info
browser-smoke	UNKNOWN STEP	2026-08-31T01:38:22.3756057Z Working directory is '/home/runner/work/hermes-webui/hermes-webui'
browser-smoke	UNKNOWN STEP	2026-08-31T01:38:22.3757130Z [command]/usr/bin/git version
browser-smoke	UNKNOWN STEP	2026-08-31T01:38:22.3839363Z git version 2.55.0
browser-smoke	UNKNOWN STEP	2026-08-31T01:38:22.3860138Z ##[endgroup]
browser-smoke	UNKNOWN STEP	2026-08-31T01:38:22.3874468Z Temporarily overriding HOME='/home/runner/work/_temp/90a08900-d7bd-4b80-bed7-31465a856853' before making global git config changes
browser-smoke	UNKNOWN STEP	2026-08-31T01:38:22.3876171Z Adding repository directory to the temporary git global config as a safe directory
browser-smoke	UNKNOWN STEP	2026-08-31T01:38:22.3879075Z [command]/usr/bin/git config --global --add safe.directory /home/runner/work/hermes-webui/hermes-webui
browser-smoke	UNKNOWN STEP	2026-08-31T01:38:22.3946587Z Deleting the contents of '/home/runner/work/hermes-webui/hermes-webui'
browser-smoke	UNKNOWN STEP	2026-08-31T01:38:22.3950238Z ##[group]Initializing the repository
browser-smoke	UNKNOWN STEP	2026-08-31T01:38:22.3954804Z [command]/usr/bin/git init /home/runner/work/hermes-webui/hermes-webui
browser-smoke	UNKNOWN STEP	2026-08-31T01:38:22.4087464Z hint: Using 'master' as the name for the initial branch. This default branch name
browser-smoke	UNKNOWN STEP	2026-08-31T01:38:22.4089480Z hint: will change to "main" in Git 3.0. To configure the initial branch name
browser-smoke	UNKNOWN STEP	2026-08-31T01:38:22.4092151Z hint: to use in all of your new repositories, which will suppress this warning,
browser-smoke	UNKNOWN STEP	2026-08-31T01:38:22.4094486Z hint: call:
browser-smoke	UNKNOWN STEP	2026-08-31T01:38:22.4095032Z hint:
browser-smoke	UNKNOWN STEP	2026-08-31T01:38:22.4095690Z hint: 	git config --global init.defaultBranch <name>
browser-smoke	UNKNOWN STEP	2026-08-31T01:38:22.4096513Z hint:
browser-smoke	UNKNOWN STEP	2026-08-31T01:38:22.4097290Z hint: Names commonly chosen instead of 'master' are 'main', 'trunk' and
browser-smoke	UNKNOWN STEP	2026-08-31T01:38:22.4098563Z hint: 'development'. The just-created branch can be renamed via this command:
browser-smoke	UNKNOWN STEP	2026-08-31T01:38:22.4099565Z hint:
browser-smoke	UNKNOWN STEP	2026-08-31T01:38:22.4100127Z hint: 	git branch -m <name>
browser-smoke	UNKNOWN STEP	2026-08-31T01:38:22.4100763Z hint:
browser-smoke	UNKNOWN STEP	2026-08-31T01:38:22.4101646Z hint: Disable this message with "git config set advice.defaultBranchName false"
browser-smoke	UNKNOWN STEP	2026-08-31T01:38:22.4103984Z Initialized empty Git repository in /home/runner/work/hermes-webui/hermes-webui/.git/
browser-smoke	UNKNOWN STEP	2026-08-31T01:38:22.4105880Z [command]/usr/bin/git remote add origin https://github.com/nesquena/hermes-webui
browser-smoke	UNKNOWN STEP	2026-08-31T01:38:22.4155430Z ##[endgroup]
browser-smoke	UNKNOWN STEP	2026-08-31T01:38:22.4157190Z ##[group]Disabling automatic garbage collection
browser-smoke	UNKNOWN STEP	2026-08-31T01:38:22.4158869Z [command]/usr/bin/git config --local gc.auto 0
browser-smoke	UNKNOWN STEP	2026-08-31T01:38:22.4190785Z ##[endgroup]
browser-smoke	UNKNOWN STEP	2026-08-31T01:38:22.4192063Z ##[group]Setting up auth
browser-smoke	UNKNOWN STEP	2026-08-31T01:38:22.4197396Z [command]/usr/bin/git config --local --name-only --get-regexp core\.sshCommand
browser-smoke	UNKNOWN STEP	2026-08-31T01:38:22.4229039Z [command]/usr/bin/git submodule foreach --recursive sh -c "git config --local --name-only --get-regexp 'core\.sshCommand' && git config --local --unset-all 'core.sshCommand' || :"
browser-smoke	UNKNOWN STEP	2026-08-31T01:38:22.4637953Z [command]/usr/bin/git config --local --name-only --get-regexp http\.https\:\/\/github\.com\/\.extraheader
browser-smoke	UNKNOWN STEP	2026-08-31T01:38:22.4668331Z [command]/usr/bin/git submodule foreach --recursive sh -c "git config --local --name-only --get-regexp 'http\.https\:\/\/github\.com\/\.extraheader' && git config --local --unset-all 'http.https://github.com/.extraheader' || :"
browser-smoke	UNKNOWN STEP	2026-08-31T01:38:22.4884556Z [command]/usr/bin/git config --local --name-only --get-regexp ^includeIf\.gitdir:
browser-smoke	UNKNOWN STEP	2026-08-31T01:38:22.4915685Z [command]/usr/bin/git submodule foreach --recursive git config --local --show-origin --name-only --get-regexp remote.origin.url
browser-smoke	UNKNOWN STEP	2026-08-31T01:38:22.5139225Z [command]/usr/bin/git config --local http.https://github.com/.extraheader AUTHORIZATION: basic ***
browser-smoke	UNKNOWN STEP	2026-08-31T01:38:22.5174644Z ##[endgroup]
browser-smoke	UNKNOWN STEP	2026-08-31T01:38:22.5176024Z ##[group]Fetching the repository
browser-smoke	UNKNOWN STEP	2026-08-31T01:38:22.5184874Z [command]/usr/bin/git -c protocol.version=2 fetch --no-tags --prune --no-recurse-submodules --depth=1 origin +5e97783616ed1c3c23c95db45c0011b75909485c:refs/remotes/pull/6698/merge
browser-smoke	UNKNOWN STEP	2026-08-31T01:38:23.7857036Z From https://github.com/nesquena/hermes-webui
browser-smoke	UNKNOWN STEP	2026-08-31T01:38:23.7886108Z  * [new ref]         5e97783616ed1c3c23c95db45c0011b75909485c -> pull/6698/merge
browser-smoke	UNKNOWN STEP	2026-08-31T01:38:23.7891763Z ##[endgroup]
browser-smoke	UNKNOWN STEP	2026-08-31T01:38:23.7894040Z ##[group]Determining the checkout info
browser-smoke	UNKNOWN STEP	2026-08-31T01:38:23.7896113Z ##[endgroup]
browser-smoke	UNKNOWN STEP	2026-08-31T01:38:23.7897563Z [command]/usr/bin/git sparse-checkout disable
browser-smoke	UNKNOWN STEP	2026-08-31T01:38:23.7930133Z [command]/usr/bin/git config --local --unset-all extensions.worktreeConfig
browser-smoke	UNKNOWN STEP	2026-08-31T01:38:23.7968380Z ##[group]Checking out the ref
browser-smoke	UNKNOWN STEP	2026-08-31T01:38:23.7972216Z [command]/usr/bin/git checkout --progress --force refs/remotes/pull/6698/merge
browser-smoke	UNKNOWN STEP	2026-08-31T01:38:24.0253041Z Note: switching to 'refs/remotes/pull/6698/merge'.
browser-smoke	UNKNOWN STEP	2026-08-31T01:38:24.0254156Z 
browser-smoke	UNKNOWN STEP	2026-08-31T01:38:24.0254842Z You are in 'detached HEAD' state. You can look around, make experimental
browser-smoke	UNKNOWN STEP	2026-08-31T01:38:24.0256341Z changes and commit them, and you can discard any commits you make in this
browser-smoke	UNKNOWN STEP	2026-08-31T01:38:24.0257806Z state without impacting any branches by switching back to a branch.
browser-smoke	UNKNOWN STEP	2026-08-31T01:38:24.0258894Z 
browser-smoke	UNKNOWN STEP	2026-08-31T01:38:24.0259516Z If you want to create a new branch to retain commits you create, you may
browser-smoke	UNKNOWN STEP	2026-08-31T01:38:24.0261022Z do so (now or later) by using -c with the switch command. Example:
browser-smoke	UNKNOWN STEP	2026-08-31T01:38:24.0261882Z 
browser-smoke	UNKNOWN STEP	2026-08-31T01:38:24.0262273Z   git switch -c <new-branch-name>
browser-smoke	UNKNOWN STEP	2026-08-31T01:38:24.0262873Z 
browser-smoke	UNKNOWN STEP	2026-08-31T01:38:24.0263250Z Or undo this operation with:
browser-smoke	UNKNOWN STEP	2026-08-31T01:38:24.0264103Z 
browser-smoke	UNKNOWN STEP	2026-08-31T01:38:24.0264463Z   git switch -
browser-smoke	UNKNOWN STEP	2026-08-31T01:38:24.0264904Z 
browser-smoke	UNKNOWN STEP	2026-08-31T01:38:24.0265672Z Turn off this advice by setting config variable advice.detachedHead to false
browser-smoke	UNKNOWN STEP	2026-08-31T01:38:24.0267133Z 
browser-smoke	UNKNOWN STEP	2026-08-31T01:38:24.0268366Z HEAD is now at 5e97783 Merge f6d88c4439c715b1a64f07a92d02368782c7ceb4 into e168b67e4278df618d1cab61fdb3a8dc55b29a81
browser-smoke	UNKNOWN STEP	2026-08-31T01:38:24.0274195Z ##[endgroup]
browser-smoke	UNKNOWN STEP	2026-08-31T01:38:24.0310565Z [command]/usr/bin/git log -1 --format=%H
browser-smoke	UNKNOWN STEP	2026-08-31T01:38:24.0334289Z 5e97783616ed1c3c23c95db45c0011b75909485c
browser-smoke	UNKNOWN STEP	2026-08-31T01:38:24.0801930Z Node 20 is being deprecated. This workflow is running with Node 24 by default. If you need to temporarily use Node 20, you can set the ACTIONS_ALLOW_USE_UNSECURE_NODE_VERSION=true environment variable. For more information see: https://github.blog/changelog/2025-09-19-deprecation-of-node-20-on-github-actions-runners/
browser-smoke	UNKNOWN STEP	2026-08-31T01:38:24.0808746Z ##[group]Run actions/setup-python@v5
browser-smoke	UNKNOWN STEP	2026-08-31T01:38:24.0810024Z with:
browser-smoke	UNKNOWN STEP	2026-08-31T01:38:24.0810942Z   python-version: 3.12
browser-smoke	UNKNOWN STEP	2026-08-31T01:38:24.0811976Z   cache: pip
browser-smoke	UNKNOWN STEP	2026-08-31T01:38:24.0813329Z   cache-dependency-path: **/requirements*.txt
browser-smoke	UNKNOWN STEP	**/pyproject.toml
browser-smoke	UNKNOWN STEP	
browser-smoke	UNKNOWN STEP	2026-08-31T01:38:24.0815373Z   check-latest: false
browser-smoke	UNKNOWN STEP	2026-08-31T01:38:24.0827054Z   token: ***
browser-smoke	UNKNOWN STEP	2026-08-31T01:38:24.0828057Z   update-environment: true
browser-smoke	UNKNOWN STEP	2026-08-31T01:38:24.0829195Z   allow-prereleases: false
browser-smoke	UNKNOWN STEP	2026-08-31T01:38:24.0830306Z   freethreaded: false
browser-smoke	UNKNOWN STEP	2026-08-31T01:38:24.0831303Z ##[endgroup]
browser-smoke	UNKNOWN STEP	2026-08-31T01:38:24.2170304Z ##[group]Installed versions
browser-smoke	UNKNOWN STEP	2026-08-31T01:38:24.2837951Z (node:2219) [DEP0040] DeprecationWarning: The `punycode` module is deprecated. Please use a userland alternative instead.
browser-smoke	UNKNOWN STEP	2026-08-31T01:38:24.2839767Z (Use `node --trace-deprecation ...` to show where the warning was created)
browser-smoke	UNKNOWN STEP	2026-08-31T01:38:24.2840988Z Successfully set up CPython (3.12.14)
browser-smoke	UNKNOWN STEP	2026-08-31T01:38:24.2841955Z ##[endgroup]
browser-smoke	UNKNOWN STEP	2026-08-31T01:38:24.4702512Z [command]/opt/hostedtoolcache/Python/3.12.14/x64/bin/pip cache dir
browser-smoke	UNKNOWN STEP	2026-08-31T01:38:25.9505329Z /home/runner/.cache/pip
browser-smoke	UNKNOWN STEP	2026-08-31T01:38:26.2280766Z Cache hit for: setup-python-Linux-x64-24.04-Ubuntu-python-3.12.14-pip-ed18514f03220c9b831c1d2fe68183c0c34b9d793e0bb947767d75869b481487
browser-smoke	UNKNOWN STEP	2026-08-31T01:38:26.2393512Z (node:2219) [DEP0169] DeprecationWarning: `url.parse()` behavior is not standardized and prone to errors that have security implications. Use the WHATWG URL API instead. CVEs are not issued for `url.parse()` vulnerabilities.
browser-smoke	UNKNOWN STEP	2026-08-31T01:38:27.4960339Z Received 4194304 of 90226954 (4.6%), 4.0 MBs/sec
browser-smoke	UNKNOWN STEP	2026-08-31T01:38:28.0841072Z Received 90226954 of 90226954 (100.0%), 54.2 MBs/sec
browser-smoke	UNKNOWN STEP	2026-08-31T01:38:28.0842149Z Cache Size: ~86 MB (90226954 B)
browser-smoke	UNKNOWN STEP	2026-08-31T01:38:28.0880178Z [command]/usr/bin/tar -xf /home/runner/work/_temp/2d284dcc-8943-4689-9b54-4a783df04574/cache.tzst -P -C /home/runner/work/hermes-webui/hermes-webui --use-compress-program unzstd
browser-smoke	UNKNOWN STEP	2026-08-31T01:38:28.2247071Z Cache restored successfully
browser-smoke	UNKNOWN STEP	2026-08-31T01:38:28.2297568Z Cache restored from key: setup-python-Linux-x64-24.04-Ubuntu-python-3.12.14-pip-ed18514f03220c9b831c1d2fe68183c0c34b9d793e0bb947767d75869b481487
browser-smoke	UNKNOWN STEP	2026-08-31T01:38:28.2490400Z ##[group]Run python -m pip install --upgrade pip
browser-smoke	UNKNOWN STEP	2026-08-31T01:38:28.2490907Z ^[[36;1mpython -m pip install --upgrade pip^[[0m
browser-smoke	UNKNOWN STEP	2026-08-31T01:38:28.2491282Z ^[[36;1mpip install "pyyaml>=6.0" playwright^[[0m
browser-smoke	UNKNOWN STEP	2026-08-31T01:38:28.2491687Z ^[[36;1m# Install only the Chromium browser + its system deps.^[[0m
browser-smoke	UNKNOWN STEP	2026-08-31T01:38:28.2492124Z ^[[36;1mpython -m playwright install --with-deps chromium^[[0m
browser-smoke	UNKNOWN STEP	2026-08-31T01:38:28.2535131Z shell: /usr/bin/bash -e {0}
browser-smoke	UNKNOWN STEP	2026-08-31T01:38:28.2535447Z env:
browser-smoke	UNKNOWN STEP	2026-08-31T01:38:28.2536003Z   pythonLocation: /opt/hostedtoolcache/Python/3.12.14/x64
browser-smoke	UNKNOWN STEP	2026-08-31T01:38:28.2536480Z   PKG_CONFIG_PATH: /opt/hostedtoolcache/Python/3.12.14/x64/lib/pkgconfig
browser-smoke	UNKNOWN STEP	2026-08-31T01:38:28.2536954Z   Python_ROOT_DIR: /opt/hostedtoolcache/Python/3.12.14/x64
browser-smoke	UNKNOWN STEP	2026-08-31T01:38:28.2537368Z   Python2_ROOT_DIR: /opt/hostedtoolcache/Python/3.12.14/x64
browser-smoke	UNKNOWN STEP	2026-08-31T01:38:28.2537782Z   Python3_ROOT_DIR: /opt/hostedtoolcache/Python/3.12.14/x64
browser-smoke	UNKNOWN STEP	2026-08-31T01:38:28.2538229Z   LD_LIBRARY_PATH: /opt/hostedtoolcache/Python/3.12.14/x64/lib
browser-smoke	UNKNOWN STEP	2026-08-31T01:38:28.2538576Z ##[endgroup]
browser-smoke	UNKNOWN STEP	2026-08-31T01:38:29.2426121Z Requirement already satisfied: pip in /opt/hostedtoolcache/Python/3.12.14/x64/lib/python3.12/site-packages (26.2.1)
browser-smoke	UNKNOWN STEP	2026-08-31T01:38:29.9192896Z Collecting pyyaml>=6.0
browser-smoke	UNKNOWN STEP	2026-08-31T01:38:29.9206951Z   Using cached pyyaml-6.0.3-cp312-cp312-manylinux2014_x86_64.manylinux_2_17_x86_64.manylinux_2_28_x86_64.whl.metadata (2.4 kB)
browser-smoke	UNKNOWN STEP	2026-08-31T01:38:29.9532014Z Collecting playwright
browser-smoke	UNKNOWN STEP	2026-08-31T01:38:29.9545260Z   Using cached playwright-1.62.0-py3-none-manylinux1_x86_64.whl.metadata (3.3 kB)
browser-smoke	UNKNOWN STEP	2026-08-31T01:38:29.9656128Z Collecting pyee<14,>=13 (from playwright)
browser-smoke	UNKNOWN STEP	2026-08-31T01:38:29.9667868Z   Using cached pyee-13.0.1-py3-none-any.whl.metadata (3.0 kB)
browser-smoke	UNKNOWN STEP	2026-08-31T01:38:30.1135361Z Collecting greenlet<4.0.0,>=3.1.1 (from playwright)
browser-smoke	UNKNOWN STEP	2026-08-31T01:38:30.1149864Z   Using cached greenlet-3.5.5-cp312-cp312-manylinux_2_24_x86_64.manylinux_2_28_x86_64.whl.metadata (3.8 kB)
browser-smoke	UNKNOWN STEP	2026-08-31T01:38:30.1296332Z Collecting typing-extensions (from pyee<14,>=13->playwright)
browser-smoke	UNKNOWN STEP	2026-08-31T01:38:30.1308629Z   Using cached typing_extensions-4.16.0-py3-none-any.whl.metadata (3.3 kB)
browser-smoke	UNKNOWN STEP	2026-08-31T01:38:30.1339632Z Using cached pyyaml-6.0.3-cp312-cp312-manylinux2014_x86_64.manylinux_2_17_x86_64.manylinux_2_28_x86_64.whl (807 kB)
browser-smoke	UNKNOWN STEP	2026-08-31T01:38:30.1353978Z Using cached playwright-1.62.0-py3-none-manylinux1_x86_64.whl (47.7 MB)
browser-smoke	UNKNOWN STEP	2026-08-31T01:38:30.1542631Z Using cached greenlet-3.5.5-cp312-cp312-manylinux_2_24_x86_64.manylinux_2_28_x86_64.whl (621 kB)
browser-smoke	UNKNOWN STEP	2026-08-31T01:38:30.1561981Z Using cached pyee-13.0.1-py3-none-any.whl (15 kB)
browser-smoke	UNKNOWN STEP	2026-08-31T01:38:30.1578994Z Using cached typing_extensions-4.16.0-py3-none-any.whl (45 kB)
browser-smoke	UNKNOWN STEP	2026-08-31T01:38:30.2339879Z Installing collected packages: typing-extensions, pyyaml, greenlet, pyee, playwright
browser-smoke	UNKNOWN STEP	2026-08-31T01:38:31.1513813Z 
browser-smoke	UNKNOWN STEP	2026-08-31T01:38:31.1527634Z Successfully installed greenlet-3.5.5 playwright-1.62.0 pyee-13.0.1 pyyaml-6.0.3 typing-extensions-4.16.0
browser-smoke	UNKNOWN STEP	2026-08-31T01:38:31.5600595Z Installing dependencies...
browser-smoke	UNKNOWN STEP	2026-08-31T01:38:31.5662402Z Switching to root user to install dependencies...
browser-smoke	UNKNOWN STEP	2026-08-31T01:38:31.6604513Z Get:1 file:/etc/apt/apt-mirrors.txt Mirrorlist [144 B]
browser-smoke	UNKNOWN STEP	2026-08-31T01:38:31.6781726Z Get:3 https://packages.microsoft.com/repos/azure-cli noble InRelease [3564 B]
browser-smoke	UNKNOWN STEP	2026-08-31T01:38:31.6901871Z Get:4 https://packages.microsoft.com/ubuntu/24.04/prod noble InRelease [3600 B]
browser-smoke	UNKNOWN STEP	2026-08-31T01:38:31.6930179Z Hit:2 http://azure.archive.ubuntu.com/ubuntu noble InRelease
browser-smoke	UNKNOWN STEP	2026-08-31T01:38:31.6945211Z Get:5 http://azure.archive.ubuntu.com/ubuntu noble-updates InRelease [126 kB]
browser-smoke	UNKNOWN STEP	2026-08-31T01:38:31.7020236Z Get:6 http://azure.archive.ubuntu.com/ubuntu noble-backports InRelease [126 kB]
browser-smoke	UNKNOWN STEP	2026-08-31T01:38:31.7097838Z Get:7 http://azure.archive.ubuntu.com/ubuntu noble-security InRelease [126 kB]
browser-smoke	UNKNOWN STEP	2026-08-31T01:38:31.7157362Z Get:8 https://dl.google.com/linux/chrome-stable/deb stable InRelease [2548 B]
browser-smoke	UNKNOWN STEP	2026-08-31T01:38:31.8056439Z Get:9 https://packages.microsoft.com/ubuntu/24.04/prod noble/main amd64 Packages [427 kB]
browser-smoke	UNKNOWN STEP	2026-08-31T01:38:31.8185116Z Get:10 https://packages.microsoft.com/ubuntu/24.04/prod noble/main armhf Packages [12.5 kB]
browser-smoke	UNKNOWN STEP	2026-08-31T01:38:31.8209593Z Get:11 https://packages.microsoft.com/ubuntu/24.04/prod noble/main arm64 Packages [381 kB]
browser-smoke	UNKNOWN STEP	2026-08-31T01:38:31.9061800Z Get:12 http://azure.archive.ubuntu.com/ubuntu noble-updates/main amd64 Packages [1230 kB]
browser-smoke	UNKNOWN STEP	2026-08-31T01:38:31.9122337Z Get:13 http://azure.archive.ubuntu.com/ubuntu noble-updates/main Translation-en [287 kB]
browser-smoke	UNKNOWN STEP	2026-08-31T01:38:31.9159083Z Get:14 http://azure.archive.ubuntu.com/ubuntu noble-updates/main amd64 Components [180 kB]
browser-smoke	UNKNOWN STEP	2026-08-31T01:38:31.9175852Z Get:15 http://azure.archive.ubuntu.com/ubuntu noble-updates/universe amd64 Packages [1689 kB]
browser-smoke	UNKNOWN STEP	2026-08-31T01:38:31.9260769Z Get:16 http://azure.archive.ubuntu.com/ubuntu noble-updates/universe Translation-en [338 kB]
browser-smoke	UNKNOWN STEP	2026-08-31T01:38:31.9312584Z Get:17 http://azure.archive.ubuntu.com/ubuntu noble-updates/universe amd64 Components [388 kB]
browser-smoke	UNKNOWN STEP	2026-08-31T01:38:31.9319793Z Get:18 http://azure.archive.ubuntu.com/ubuntu noble-updates/restricted amd64 Packages [1486 kB]
browser-smoke	UNKNOWN STEP	2026-08-31T01:38:31.9410521Z Get:19 http://azure.archive.ubuntu.com/ubuntu noble-updates/restricted Translation-en [339 kB]
browser-smoke	UNKNOWN STEP	2026-08-31T01:38:31.9418205Z Get:20 http://azure.archive.ubuntu.com/ubuntu noble-updates/multiverse amd64 Components [940 B]
browser-smoke	UNKNOWN STEP	2026-08-31T01:38:31.9660163Z Get:21 http://azure.archive.ubuntu.com/ubuntu noble-backports/main amd64 Components [5760 B]
browser-smoke	UNKNOWN STEP	2026-08-31T01:38:32.0150967Z Get:22 http://azure.archive.ubuntu.com/ubuntu noble-backports/universe amd64 Components [12.7 kB]
browser-smoke	UNKNOWN STEP	2026-08-31T01:38:32.0171094Z Get:23 http://azure.archive.ubuntu.com/ubuntu noble-security/main amd64 Packages [972 kB]
browser-smoke	UNKNOWN STEP	2026-08-31T01:38:32.0264799Z Get:24 http://azure.archive.ubuntu.com/ubuntu noble-security/main Translation-en [206 kB]
browser-smoke	UNKNOWN STEP	2026-08-31T01:38:32.0291085Z Get:25 http://azure.archive.ubuntu.com/ubuntu noble-security/main amd64 Components [46.3 kB]
browser-smoke	UNKNOWN STEP	2026-08-31T01:38:32.0292685Z Get:26 http://azure.archive.ubuntu.com/ubuntu noble-security/universe amd64 Packages [1203 kB]
browser-smoke	UNKNOWN STEP	2026-08-31T01:38:32.0345948Z Get:27 http://azure.archive.ubuntu.com/ubuntu noble-security/universe Translation-en [241 kB]
browser-smoke	UNKNOWN STEP	2026-08-31T01:38:32.0384478Z Get:28 http://azure.archive.ubuntu.com/ubuntu noble-security/universe amd64 Components [76.3 kB]
browser-smoke	UNKNOWN STEP	2026-08-31T01:38:32.0402681Z Get:29 http://azure.archive.ubuntu.com/ubuntu noble-security/restricted amd64 Packages [1392 kB]
browser-smoke	UNKNOWN STEP	2026-08-31T01:38:32.0482974Z Get:30 http://azure.archive.ubuntu.com/ubuntu noble-security/restricted Translation-en [321 kB]
browser-smoke	UNKNOWN STEP	2026-08-31T01:38:32.0490846Z Get:31 http://azure.archive.ubuntu.com/ubuntu noble-security/multiverse Translation-en [11.1 kB]
browser-smoke	UNKNOWN STEP	2026-08-31T01:38:32.0966130Z Get:32 https://dl.google.com/linux/chrome-stable/deb stable/main amd64 Packages [1402 B]
browser-smoke	UNKNOWN STEP	2026-08-31T01:38:36.0465177Z Fetched 11.6 MB in 1s (8825 kB/s)
browser-smoke	UNKNOWN STEP	2026-08-31T01:38:36.8177450Z Reading package lists...
browser-smoke	UNKNOWN STEP	2026-08-31T01:38:36.8416763Z Reading package lists...
browser-smoke	UNKNOWN STEP	2026-08-31T01:38:36.9922223Z Building dependency tree...
browser-smoke	UNKNOWN STEP	2026-08-31T01:38:36.9929799Z Reading state information...
browser-smoke	UNKNOWN STEP	2026-08-31T01:38:37.1250687Z libasound2t64 is already the newest version (1.2.11-1ubuntu0.3).
browser-smoke	UNKNOWN STEP	2026-08-31T01:38:37.1251441Z libasound2t64 set to manually installed.
browser-smoke	UNKNOWN STEP	2026-08-31T01:38:37.1254881Z libatk-bridge2.0-0t64 is already the newest version (2.52.0-1build1).
browser-smoke	UNKNOWN STEP	2026-08-31T01:38:37.1256130Z libatk-bridge2.0-0t64 set to manually installed.
browser-smoke	UNKNOWN STEP	2026-08-31T01:38:37.1257381Z libatk1.0-0t64 is already the newest version (2.52.0-1build1).
browser-smoke	UNKNOWN STEP	2026-08-31T01:38:37.1258545Z libatk1.0-0t64 set to manually installed.
browser-smoke	UNKNOWN STEP	2026-08-31T01:38:37.1259488Z libatspi2.0-0t64 is already the newest version (2.52.0-1build1).
browser-smoke	UNKNOWN STEP	2026-08-31T01:38:37.1260163Z libatspi2.0-0t64 set to manually installed.
browser-smoke	UNKNOWN STEP	2026-08-31T01:38:37.1260803Z libcairo2 is already the newest version (1.18.0-3build1).
browser-smoke	UNKNOWN STEP	2026-08-31T01:38:37.1261411Z libcairo2 set to manually installed.
browser-smoke	UNKNOWN STEP	2026-08-31T01:38:37.1262172Z libcups2t64 is already the newest version (2.4.7-1.2ubuntu7.14).
browser-smoke	UNKNOWN STEP	2026-08-31T01:38:37.1262826Z libcups2t64 set to manually installed.
browser-smoke	UNKNOWN STEP	2026-08-31T01:38:37.1265231Z libdbus-1-3 is already the newest version (1.14.10-4ubuntu4.1).
browser-smoke	UNKNOWN STEP	2026-08-31T01:38:37.1265988Z libdbus-1-3 set to manually installed.
browser-smoke	UNKNOWN STEP	2026-08-31T01:38:37.1266621Z libdrm2 is already the newest version (2.4.125-1ubuntu0.1~24.04.2).
browser-smoke	UNKNOWN STEP	2026-08-31T01:38:37.1267267Z libdrm2 set to manually installed.
browser-smoke	UNKNOWN STEP	2026-08-31T01:38:37.1267884Z libgbm1 is already the newest version (25.2.8-0ubuntu0.24.04.2).
browser-smoke	UNKNOWN STEP	2026-08-31T01:38:37.1268518Z libgbm1 set to manually installed.
browser-smoke	UNKNOWN STEP	2026-08-31T01:38:37.1269246Z libglib2.0-0t64 is already the newest version (2.80.0-6ubuntu3.8).
browser-smoke	UNKNOWN STEP	2026-08-31T01:38:37.1270100Z libglib2.0-0t64 set to manually installed.
browser-smoke	UNKNOWN STEP	2026-08-31T01:38:37.1270709Z libnspr4 is already the newest version (2:4.35-1.1build1).
browser-smoke	UNKNOWN STEP	2026-08-31T01:38:37.1271310Z libnspr4 set to manually installed.
browser-smoke	UNKNOWN STEP	2026-08-31T01:38:37.1271803Z libnss3 is already the newest version (2:3.98-1ubuntu0.2).
browser-smoke	UNKNOWN STEP	2026-08-31T01:38:37.1272271Z libnss3 set to manually installed.
browser-smoke	UNKNOWN STEP	2026-08-31T01:38:37.1272931Z libpango-1.0-0 is already the newest version (1.52.1+ds-1build1).
browser-smoke	UNKNOWN STEP	2026-08-31T01:38:37.1273436Z libpango-1.0-0 set to manually installed.
browser-smoke	UNKNOWN STEP	2026-08-31T01:38:37.1274292Z libx11-6 is already the newest version (2:1.8.7-1build1).
browser-smoke	UNKNOWN STEP	2026-08-31T01:38:37.1274905Z libx11-6 set to manually installed.
browser-smoke	UNKNOWN STEP	2026-08-31T01:38:37.1275438Z libxcb1 is already the newest version (1.15-1ubuntu2).
browser-smoke	UNKNOWN STEP	2026-08-31T01:38:37.1275774Z libxcb1 set to manually installed.
browser-smoke	UNKNOWN STEP	2026-08-31T01:38:37.1276127Z libxcomposite1 is already the newest version (1:0.4.5-1build3).
browser-smoke	UNKNOWN STEP	2026-08-31T01:38:37.1276505Z libxcomposite1 set to manually installed.
browser-smoke	UNKNOWN STEP	2026-08-31T01:38:37.1276877Z libxdamage1 is already the newest version (1:1.1.6-1build1).
browser-smoke	UNKNOWN STEP	2026-08-31T01:38:37.1277229Z libxdamage1 set to manually installed.
browser-smoke	UNKNOWN STEP	2026-08-31T01:38:37.1277562Z libxext6 is already the newest version (2:1.3.4-1build2).
browser-smoke	UNKNOWN STEP	2026-08-31T01:38:37.1277895Z libxext6 set to manually installed.
browser-smoke	UNKNOWN STEP	2026-08-31T01:38:37.1278229Z libxfixes3 is already the newest version (1:6.0.0-2build1).
browser-smoke	UNKNOWN STEP	2026-08-31T01:38:37.1278578Z libxfixes3 set to manually installed.
browser-smoke	UNKNOWN STEP	2026-08-31T01:38:37.1278925Z libxkbcommon0 is already the newest version (1.6.0-1build1).
browser-smoke	UNKNOWN STEP	2026-08-31T01:38:37.1279279Z libxkbcommon0 set to manually installed.
browser-smoke	UNKNOWN STEP	2026-08-31T01:38:37.1279625Z libxrandr2 is already the newest version (2:1.5.2-2build1).
browser-smoke	UNKNOWN STEP	2026-08-31T01:38:37.1279964Z libxrandr2 set to manually installed.
browser-smoke	UNKNOWN STEP	2026-08-31T01:38:37.1280293Z xvfb is already the newest version (2:21.1.12-1ubuntu1.6).
browser-smoke	UNKNOWN STEP	2026-08-31T01:38:37.1280748Z fonts-noto-color-emoji is already the newest version (2.047-0ubuntu0.24.04.1).
browser-smoke	UNKNOWN STEP	2026-08-31T01:38:37.1281254Z libfontconfig1 is already the newest version (2.15.0-1.1ubuntu2).
browser-smoke	UNKNOWN STEP	2026-08-31T01:38:37.1281636Z libfontconfig1 set to manually installed.
browser-smoke	UNKNOWN STEP	2026-08-31T01:38:37.1282014Z libfreetype6 is already the newest version (2.13.2+dfsg-1ubuntu0.1).
browser-smoke	UNKNOWN STEP	2026-08-31T01:38:37.1282398Z libfreetype6 set to manually installed.
browser-smoke	UNKNOWN STEP	2026-08-31T01:38:37.1282751Z fonts-liberation is already the newest version (1:2.1.5-3).
browser-smoke	UNKNOWN STEP	2026-08-31T01:38:37.1283121Z fonts-liberation set to manually installed.
browser-smoke	UNKNOWN STEP	2026-08-31T01:38:37.1283474Z The following additional packages will be installed:
browser-smoke	UNKNOWN STEP	2026-08-31T01:38:37.1284131Z   xfonts-encodings xfonts-utils
browser-smoke	UNKNOWN STEP	2026-08-31T01:38:37.1284402Z Recommended packages:
browser-smoke	UNKNOWN STEP	2026-08-31T01:38:37.1284653Z   fonts-ipafont-mincho fonts-tlwg-loma
browser-smoke	UNKNOWN STEP	2026-08-31T01:38:37.1429988Z The following NEW packages will be installed:
browser-smoke	UNKNOWN STEP	2026-08-31T01:38:37.1430698Z   fonts-freefont-ttf fonts-ipafont-gothic fonts-tlwg-loma-otf fonts-unifont
browser-smoke	UNKNOWN STEP	2026-08-31T01:38:37.1435767Z   fonts-wqy-zenhei xfonts-cyrillic xfonts-encodings xfonts-scalable
browser-smoke	UNKNOWN STEP	2026-08-31T01:38:37.1436375Z   xfonts-utils
browser-smoke	UNKNOWN STEP	2026-08-31T01:38:37.1598992Z 0 upgraded, 9 newly installed, 0 to remove and 38 not upgraded.
browser-smoke	UNKNOWN STEP	2026-08-31T01:38:37.1599686Z Need to get 21.1 MB of archives.
browser-smoke	UNKNOWN STEP	2026-08-31T01:38:37.1600329Z After this operation, 79.5 MB of additional disk space will be used.
browser-smoke	UNKNOWN STEP	2026-08-31T01:38:37.1601084Z Get:1 file:/etc/apt/apt-mirrors.txt Mirrorlist [144 B]
browser-smoke	UNKNOWN STEP	2026-08-31T01:38:37.2367946Z Get:2 http://azure.archive.ubuntu.com/ubuntu noble/universe amd64 fonts-ipafont-gothic all 00303-21ubuntu1 [3513 kB]
browser-smoke	UNKNOWN STEP	2026-08-31T01:38:37.3181203Z Get:3 http://azure.archive.ubuntu.com/ubuntu noble/main amd64 fonts-freefont-ttf all 20211204+svn4273-2 [5641 kB]
browser-smoke	UNKNOWN STEP	2026-08-31T01:38:37.4077820Z Get:4 http://azure.archive.ubuntu.com/ubuntu noble/universe amd64 fonts-tlwg-loma-otf all 1:0.7.3-1 [107 kB]
browser-smoke	UNKNOWN STEP	2026-08-31T01:38:37.4682850Z Get:5 http://azure.archive.ubuntu.com/ubuntu noble/universe amd64 fonts-unifont all 1:15.1.01-1build1 [2993 kB]
browser-smoke	UNKNOWN STEP	2026-08-31T01:38:37.5435258Z Get:6 http://azure.archive.ubuntu.com/ubuntu noble/universe amd64 fonts-wqy-zenhei all 0.9.45-8 [7472 kB]
browser-smoke	UNKNOWN STEP	2026-08-31T01:38:37.6464645Z Get:7 http://azure.archive.ubuntu.com/ubuntu noble/main amd64 xfonts-encodings all 1:1.0.5-0ubuntu2 [578 kB]
browser-smoke	UNKNOWN STEP	2026-08-31T01:38:37.7094020Z Get:8 http://azure.archive.ubuntu.com/ubuntu noble/main amd64 xfonts-utils amd64 1:7.7+6build3 [94.4 kB]
browser-smoke	UNKNOWN STEP	2026-08-31T01:38:37.7701844Z Get:9 http://azure.archive.ubuntu.com/ubuntu noble/universe amd64 xfonts-cyrillic all 1:1.0.5+nmu1 [384 kB]
browser-smoke	UNKNOWN STEP	2026-08-31T01:38:37.8322144Z Get:10 http://azure.archive.ubuntu.com/ubuntu noble/main amd64 xfonts-scalable all 1:1.0.3-1.3 [304 kB]
browser-smoke	UNKNOWN STEP	2026-08-31T01:38:38.0789579Z Fetched 21.1 MB in 1s (30.8 MB/s)
browser-smoke	UNKNOWN STEP	2026-08-31T01:38:38.1034003Z Selecting previously unselected package fonts-ipafont-gothic.
browser-smoke	UNKNOWN STEP	2026-08-31T01:38:38.1325791Z (Reading database ... 
browser-smoke	UNKNOWN STEP	2026-08-31T01:38:38.1326323Z (Reading database ... 5%
browser-smoke	UNKNOWN STEP	2026-08-31T01:38:38.1326880Z (Reading database ... 10%
browser-smoke	UNKNOWN STEP	2026-08-31T01:38:38.1327441Z (Reading database ... 15%
browser-smoke	UNKNOWN STEP	2026-08-31T01:38:38.1327976Z (Reading database ... 20%
browser-smoke	UNKNOWN STEP	2026-08-31T01:38:38.1329039Z (Reading database ... 25%
browser-smoke	UNKNOWN STEP	2026-08-31T01:38:38.1329576Z (Reading database ... 30%
browser-smoke	UNKNOWN STEP	2026-08-31T01:38:38.1330118Z (Reading database ... 35%
browser-smoke	UNKNOWN STEP	2026-08-31T01:38:38.1330665Z (Reading database ... 40%
browser-smoke	UNKNOWN STEP	2026-08-31T01:38:38.1331327Z (Reading database ... 45%
browser-smoke	UNKNOWN STEP	2026-08-31T01:38:38.1331865Z (Reading database ... 50%
browser-smoke	UNKNOWN STEP	2026-08-31T01:38:38.1362851Z (Reading database ... 55%
browser-smoke	UNKNOWN STEP	2026-08-31T01:38:38.1936507Z (Reading database ... 60%
browser-smoke	UNKNOWN STEP	2026-08-31T01:38:38.3947861Z (Reading database ... 65%
browser-smoke	UNKNOWN STEP	2026-08-31T01:38:38.5943447Z (Reading database ... 70%
browser-smoke	UNKNOWN STEP	2026-08-31T01:38:38.7859887Z (Reading database ... 75%
browser-smoke	UNKNOWN STEP	2026-08-31T01:38:38.9758111Z (Reading database ... 80%
browser-smoke	UNKNOWN STEP	2026-08-31T01:38:39.1483519Z (Reading database ... 85%
browser-smoke	UNKNOWN STEP	2026-08-31T01:38:39.3346287Z (Reading database ... 90%
browser-smoke	UNKNOWN STEP	2026-08-31T01:38:39.5439295Z (Reading database ... 95%
browser-smoke	UNKNOWN STEP	2026-08-31T01:38:39.5439865Z (Reading database ... 100%
browser-smoke	UNKNOWN STEP	2026-08-31T01:38:39.5440667Z (Reading database ... 203385 files and directories currently installed.)
browser-smoke	UNKNOWN STEP	2026-08-31T01:38:39.5486179Z Preparing to unpack .../0-fonts-ipafont-gothic_00303-21ubuntu1_all.deb ...
browser-smoke	UNKNOWN STEP	2026-08-31T01:38:39.5578874Z Unpacking fonts-ipafont-gothic (00303-21ubuntu1) ...
browser-smoke	UNKNOWN STEP	2026-08-31T01:38:39.7969032Z Selecting previously unselected package fonts-freefont-ttf.
browser-smoke	UNKNOWN STEP	2026-08-31T01:38:39.8095600Z Preparing to unpack .../1-fonts-freefont-ttf_20211204+svn4273-2_all.deb ...
browser-smoke	UNKNOWN STEP	2026-08-31T01:38:39.8104547Z Unpacking fonts-freefont-ttf (20211204+svn4273-2) ...
browser-smoke	UNKNOWN STEP	2026-08-31T01:38:39.8931773Z Selecting previously unselected package fonts-tlwg-loma-otf.
browser-smoke	UNKNOWN STEP	2026-08-31T01:38:39.9074142Z Preparing to unpack .../2-fonts-tlwg-loma-otf_1%3a0.7.3-1_all.deb ...
browser-smoke	UNKNOWN STEP	2026-08-31T01:38:39.9087893Z Unpacking fonts-tlwg-loma-otf (1:0.7.3-1) ...
browser-smoke	UNKNOWN STEP	2026-08-31T01:38:39.9328448Z Selecting previously unselected package fonts-unifont.
browser-smoke	UNKNOWN STEP	2026-08-31T01:38:39.9455090Z Preparing to unpack .../3-fonts-unifont_1%3a15.1.01-1build1_all.deb ...
browser-smoke	UNKNOWN STEP	2026-08-31T01:38:39.9493233Z Unpacking fonts-unifont (1:15.1.01-1build1) ...
browser-smoke	UNKNOWN STEP	2026-08-31T01:38:40.0659475Z Selecting previously unselected package fonts-wqy-zenhei.
browser-smoke	UNKNOWN STEP	2026-08-31T01:38:40.0793915Z Preparing to unpack .../4-fonts-wqy-zenhei_0.9.45-8_all.deb ...
browser-smoke	UNKNOWN STEP	2026-08-31T01:38:40.0898933Z Unpacking fonts-wqy-zenhei (0.9.45-8) ...
browser-smoke	UNKNOWN STEP	2026-08-31T01:38:40.5708405Z Selecting previously unselected package xfonts-encodings.
browser-smoke	UNKNOWN STEP	2026-08-31T01:38:40.5835242Z Preparing to unpack .../5-xfonts-encodings_1%3a1.0.5-0ubuntu2_all.deb ...
browser-smoke	UNKNOWN STEP	2026-08-31T01:38:40.5845817Z Unpacking xfonts-encodings (1:1.0.5-0ubuntu2) ...
browser-smoke	UNKNOWN STEP	2026-08-31T01:38:40.6157644Z Selecting previously unselected package xfonts-utils.
browser-smoke	UNKNOWN STEP	2026-08-31T01:38:40.6283782Z Preparing to unpack .../6-xfonts-utils_1%3a7.7+6build3_amd64.deb ...
browser-smoke	UNKNOWN STEP	2026-08-31T01:38:40.6293215Z Unpacking xfonts-utils (1:7.7+6build3) ...
browser-smoke	UNKNOWN STEP	2026-08-31T01:38:40.6669328Z Selecting previously unselected package xfonts-cyrillic.
browser-smoke	UNKNOWN STEP	2026-08-31T01:38:40.6793051Z Preparing to unpack .../7-xfonts-cyrillic_1%3a1.0.5+nmu1_all.deb ...
browser-smoke	UNKNOWN STEP	2026-08-31T01:38:40.6801838Z Unpacking xfonts-cyrillic (1:1.0.5+nmu1) ...
browser-smoke	UNKNOWN STEP	2026-08-31T01:38:40.7258223Z Selecting previously unselected package xfonts-scalable.
browser-smoke	UNKNOWN STEP	2026-08-31T01:38:40.7385939Z Preparing to unpack .../8-xfonts-scalable_1%3a1.0.3-1.3_all.deb ...
browser-smoke	UNKNOWN STEP	2026-08-31T01:38:40.7400950Z Unpacking xfonts-scalable (1:1.0.3-1.3) ...
browser-smoke	UNKNOWN STEP	2026-08-31T01:38:40.7799944Z Setting up fonts-wqy-zenhei (0.9.45-8) ...
browser-smoke	UNKNOWN STEP	2026-08-31T01:38:40.7919119Z Setting up fonts-freefont-ttf (20211204+svn4273-2) ...
browser-smoke	UNKNOWN STEP	2026-08-31T01:38:40.7937855Z Setting up fonts-tlwg-loma-otf (1:0.7.3-1) ...
browser-smoke	UNKNOWN STEP	2026-08-31T01:38:40.7957220Z Setting up xfonts-encodings (1:1.0.5-0ubuntu2) ...
browser-smoke	UNKNOWN STEP	2026-08-31T01:38:40.7995859Z Setting up fonts-ipafont-gothic (00303-21ubuntu1) ...
browser-smoke	UNKNOWN STEP	2026-08-31T01:38:40.8066590Z update-alternatives: using /usr/share/fonts/opentype/ipafont-gothic/ipag.ttf to provide /usr/share/fonts/truetype/fonts-japanese-gothic.ttf (fonts-japanese-gothic.ttf) in auto mode
browser-smoke	UNKNOWN STEP	2026-08-31T01:38:40.8082727Z Setting up fonts-unifont (1:15.1.01-1build1) ...
browser-smoke	UNKNOWN STEP	2026-08-31T01:38:40.8104760Z Setting up xfonts-utils (1:7.7+6build3) ...
browser-smoke	UNKNOWN STEP	2026-08-31T01:38:40.8149756Z Setting up xfonts-cyrillic (1:1.0.5+nmu1) ...
browser-smoke	UNKNOWN STEP	2026-08-31T01:38:40.8475272Z Setting up xfonts-scalable (1:1.0.3-1.3) ...
browser-smoke	UNKNOWN STEP	2026-08-31T01:38:40.8743234Z Processing triggers for man-db (2.12.0-4build2) ...
browser-smoke	UNKNOWN STEP	2026-08-31T01:38:40.8764347Z Not building database; man-db/auto-update is not 'true'.
browser-smoke	UNKNOWN STEP	2026-08-31T01:38:40.8778756Z Processing triggers for fontconfig (2.15.0-1.1ubuntu2) ...
browser-smoke	UNKNOWN STEP	2026-08-31T01:38:41.6137351Z 
browser-smoke	UNKNOWN STEP	2026-08-31T01:38:41.6138177Z Running kernel seems to be up-to-date.
browser-smoke	UNKNOWN STEP	2026-08-31T01:38:41.6138571Z 
browser-smoke	UNKNOWN STEP	2026-08-31T01:38:41.6138745Z No services need to be restarted.
browser-smoke	UNKNOWN STEP	2026-08-31T01:38:41.6139085Z 
browser-smoke	UNKNOWN STEP	2026-08-31T01:38:41.6139257Z No containers need to be restarted.
browser-smoke	UNKNOWN STEP	2026-08-31T01:38:41.6139554Z 
browser-smoke	UNKNOWN STEP	2026-08-31T01:38:41.6139768Z No user sessions are running outdated binaries.
browser-smoke	UNKNOWN STEP	2026-08-31T01:38:41.6140132Z 
browser-smoke	UNKNOWN STEP	2026-08-31T01:38:41.6140461Z No VM guests are running outdated hypervisor (qemu) binaries on this host.
browser-smoke	UNKNOWN STEP	2026-08-31T01:38:42.4661609Z Downloading Chrome for Testing 151.0.7922.34 (playwright chromium v1234) from https://cdn.playwright.dev/builds/cft/151.0.7922.34/linux64/chrome-linux64.zip
browser-smoke	UNKNOWN STEP	2026-08-31T01:38:43.4755406Z |                                                                                |   0% of 184.3 MiB
browser-smoke	UNKNOWN STEP	2026-08-31T01:38:43.6628562Z |■■■■■■■■                                                                        |  10% of 184.3 MiB
browser-smoke	UNKNOWN STEP	2026-08-31T01:38:43.8278496Z |■■■■■■■■■■■■■■■■                                                                |  20% of 184.3 MiB
browser-smoke	UNKNOWN STEP	2026-08-31T01:38:43.9940056Z |■■■■■■■■■■■■■■■■■■■■■■■■                                                        |  30% of 184.3 MiB
browser-smoke	UNKNOWN STEP	2026-08-31T01:38:44.1888877Z |■■■■■■■■■■■■■■■■■■■■■■■■■■■■■■■■                                                |  40% of 184.3 MiB
browser-smoke	UNKNOWN STEP	2026-08-31T01:38:44.3596574Z |■■■■■■■■■■■■■■■■■■■■■■■■■■■■■■■■■■■■■■■■                                        |  50% of 184.3 MiB
browser-smoke	UNKNOWN STEP	2026-08-31T01:38:44.5247669Z |■■■■■■■■■■■■■■■■■■■■■■■■■■■■■■■■■■■■■■■■■■■■■■■■                                |  60% of 184.3 MiB
browser-smoke	UNKNOWN STEP	2026-08-31T01:38:44.6945303Z |■■■■■■■■■■■■■■■■■■■■■■■■■■■■■■■■■■■■■■■■■■■■■■■■■■■■■■■■                        |  70% of 184.3 MiB
browser-smoke	UNKNOWN STEP	2026-08-31T01:38:44.8470404Z |■■■■■■■■■■■■■■■■■■■■■■■■■■■■■■■■■■■■■■■■■■■■■■■■■■■■■■■■■■■■■■■■                |  80% of 184.3 MiB
browser-smoke	UNKNOWN STEP	2026-08-31T01:38:45.0020647Z |■■■■■■■■■■■■■■■■■■■■■■■■■■■■■■■■■■■■■■■■■■■■■■■■■■■■■■■■■■■■■■■■■■■■■■■■        |  90% of 184.3 MiB
browser-smoke	UNKNOWN STEP	2026-08-31T01:38:45.1655583Z |■■■■■■■■■■■■■■■■■■■■■■■■■■■■■■■■■■■■■■■■■■■■■■■■■■■■■■■■■■■■■■■■■■■■■■■■■■■■■■■■| 100% of 184.3 MiB
browser-smoke	UNKNOWN STEP	2026-08-31T01:38:48.5472455Z Chrome for Testing 151.0.7922.34 (playwright chromium v1234) downloaded to /home/runner/.cache/ms-playwright/chromium-1234
browser-smoke	UNKNOWN STEP	2026-08-31T01:38:48.5481192Z Downloading FFmpeg (playwright ffmpeg v1011) from https://cdn.playwright.dev/dbazure/download/playwright/builds/ffmpeg/1011/ffmpeg-linux.zip
browser-smoke	UNKNOWN STEP	2026-08-31T01:38:49.5222338Z |                                                                                |   0% of 2.3 MiB
browser-smoke	UNKNOWN STEP	2026-08-31T01:38:49.5390547Z |■■■■■■■■                                                                        |  10% of 2.3 MiB
browser-smoke	UNKNOWN STEP	2026-08-31T01:38:49.5415536Z |■■■■■■■■■■■■■■■■                                                                |  20% of 2.3 MiB
browser-smoke	UNKNOWN STEP	2026-08-31T01:38:49.5492111Z |■■■■■■■■■■■■■■■■■■■■■■■■                                                        |  30% of 2.3 MiB
browser-smoke	UNKNOWN STEP	2026-08-31T01:38:49.5511833Z |■■■■■■■■■■■■■■■■■■■■■■■■■■■■■■■■                                                |  40% of 2.3 MiB
browser-smoke	UNKNOWN STEP	2026-08-31T01:38:49.5527824Z |■■■■■■■■■■■■■■■■■■■■■■■■■■■■■■■■■■■■■■■■                                        |  50% of 2.3 MiB
browser-smoke	UNKNOWN STEP	2026-08-31T01:38:49.5539918Z |■■■■■■■■■■■■■■■■■■■■■■■■■■■■■■■■■■■■■■■■■■■■■■■■                                |  60% of 2.3 MiB
browser-smoke	UNKNOWN STEP	2026-08-31T01:38:49.5577542Z |■■■■■■■■■■■■■■■■■■■■■■■■■■■■■■■■■■■■■■■■■■■■■■■■■■■■■■■■                        |  70% of 2.3 MiB
browser-smoke	UNKNOWN STEP	2026-08-31T01:38:49.5579142Z |■■■■■■■■■■■■■■■■■■■■■■■■■■■■■■■■■■■■■■■■■■■■■■■■■■■■■■■■■■■■■■■■                |  80% of 2.3 MiB
browser-smoke	UNKNOWN STEP	2026-08-31T01:38:49.5590390Z |■■■■■■■■■■■■■■■■■■■■■■■■■■■■■■■■■■■■■■■■■■■■■■■■■■■■■■■■■■■■■■■■■■■■■■■■        |  90% of 2.3 MiB
browser-smoke	UNKNOWN STEP	2026-08-31T01:38:49.5614665Z |■■■■■■■■■■■■■■■■■■■■■■■■■■■■■■■■■■■■■■■■■■■■■■■■■■■■■■■■■■■■■■■■■■■■■■■■■■■■■■■■| 100% of 2.3 MiB
browser-smoke	UNKNOWN STEP	2026-08-31T01:38:49.6254685Z FFmpeg (playwright ffmpeg v1011) downloaded to /home/runner/.cache/ms-playwright/ffmpeg-1011
browser-smoke	UNKNOWN STEP	2026-08-31T01:38:49.6257492Z Downloading Chrome Headless Shell 151.0.7922.34 (playwright chromium-headless-shell v1234) from https://cdn.playwright.dev/builds/cft/151.0.7922.34/linux64/chrome-headless-shell-linux64.zip
browser-smoke	UNKNOWN STEP	2026-08-31T01:38:50.6559155Z |                                                                                |   0% of 114.7 MiB
browser-smoke	UNKNOWN STEP	2026-08-31T01:38:50.7840118Z |■■■■■■■■                                                                        |  10% of 114.7 MiB
browser-smoke	UNKNOWN STEP	2026-08-31T01:38:50.8903235Z |■■■■■■■■■■■■■■■■                                                                |  20% of 114.7 MiB
browser-smoke	UNKNOWN STEP	2026-08-31T01:38:50.9593752Z |■■■■■■■■■■■■■■■■■■■■■■■■                                                        |  30% of 114.7 MiB
browser-smoke	UNKNOWN STEP	2026-08-31T01:38:51.0193161Z |■■■■■■■■■■■■■■■■■■■■■■■■■■■■■■■■                                                |  40% of 114.7 MiB
browser-smoke	UNKNOWN STEP	2026-08-31T01:38:51.0954830Z |■■■■■■■■■■■■■■■■■■■■■■■■■■■■■■■■■■■■■■■■                                        |  50% of 114.7 MiB
browser-smoke	UNKNOWN STEP	2026-08-31T01:38:51.1689681Z |■■■■■■■■■■■■■■■■■■■■■■■■■■■■■■■■■■■■■■■■■■■■■■■■                                |  60% of 114.7 MiB
browser-smoke	UNKNOWN STEP	2026-08-31T01:38:51.2434019Z |■■■■■■■■■■■■■■■■■■■■■■■■■■■■■■■■■■■■■■■■■■■■■■■■■■■■■■■■                        |  70% of 114.7 MiB
browser-smoke	UNKNOWN STEP	2026-08-31T01:38:51.3252837Z |■■■■■■■■■■■■■■■■■■■■■■■■■■■■■■■■■■■■■■■■■■■■■■■■■■■■■■■■■■■■■■■■                |  80% of 114.7 MiB
browser-smoke	UNKNOWN STEP	2026-08-31T01:38:51.4094146Z |■■■■■■■■■■■■■■■■■■■■■■■■■■■■■■■■■■■■■■■■■■■■■■■■■■■■■■■■■■■■■■■■■■■■■■■■        |  90% of 114.7 MiB
browser-smoke	UNKNOWN STEP	2026-08-31T01:38:51.5048531Z |■■■■■■■■■■■■■■■■■■■■■■■■■■■■■■■■■■■■■■■■■■■■■■■■■■■■■■■■■■■■■■■■■■■■■■■■■■■■■■■■| 100% of 114.7 MiB
browser-smoke	UNKNOWN STEP	2026-08-31T01:38:53.7518902Z Chrome Headless Shell 151.0.7922.34 (playwright chromium-headless-shell v1234) downloaded to /home/runner/.cache/ms-playwright/chromium_headless_shell-1234
browser-smoke	UNKNOWN STEP	2026-08-31T01:38:53.7784386Z ##[group]Run python tests/browser_smoke.py
browser-smoke	UNKNOWN STEP	2026-08-31T01:38:53.7784778Z ^[[36;1mpython tests/browser_smoke.py^[[0m
browser-smoke	UNKNOWN STEP	2026-08-31T01:38:53.7823901Z shell: /usr/bin/bash -e {0}
browser-smoke	UNKNOWN STEP	2026-08-31T01:38:53.7824207Z env:
browser-smoke	UNKNOWN STEP	2026-08-31T01:38:53.7824525Z   pythonLocation: /opt/hostedtoolcache/Python/3.12.14/x64
browser-smoke	UNKNOWN STEP	2026-08-31T01:38:53.7825060Z   PKG_CONFIG_PATH: /opt/hostedtoolcache/Python/3.12.14/x64/lib/pkgconfig
browser-smoke	UNKNOWN STEP	2026-08-31T01:38:53.7825587Z   Python_ROOT_DIR: /opt/hostedtoolcache/Python/3.12.14/x64
browser-smoke	UNKNOWN STEP	2026-08-31T01:38:53.7826079Z   Python2_ROOT_DIR: /opt/hostedtoolcache/Python/3.12.14/x64
browser-smoke	UNKNOWN STEP	2026-08-31T01:38:53.7826551Z   Python3_ROOT_DIR: /opt/hostedtoolcache/Python/3.12.14/x64
browser-smoke	UNKNOWN STEP	2026-08-31T01:38:53.7827047Z   LD_LIBRARY_PATH: /opt/hostedtoolcache/Python/3.12.14/x64/lib
browser-smoke	UNKNOWN STEP	2026-08-31T01:38:53.7827446Z ##[endgroup]
browser-smoke	UNKNOWN STEP	2026-08-31T01:39:01.4476621Z 
browser-smoke	UNKNOWN STEP	2026-08-31T01:39:01.4477490Z BROWSER SMOKE FAILED — runtime JS errors detected:
browser-smoke	UNKNOWN STEP	2026-08-31T01:39:01.4478255Z   [/] pageerror: _i18nProcessedElapsedEn is not defined
browser-smoke	UNKNOWN STEP	2026-08-31T01:39:01.4478842Z   [/] pageerror: _i18nProcessedElapsedEn is not defined
browser-smoke	UNKNOWN STEP	2026-08-31T01:39:01.4479252Z   [/] pageerror: _i18nProcessedElapsedEn is not defined
browser-smoke	UNKNOWN STEP	2026-08-31T01:39:01.4479657Z   [/] pageerror: _i18nProcessedElapsedRu is not defined
browser-smoke	UNKNOWN STEP	2026-08-31T01:39:01.4480054Z   [/] pageerror: _i18nProcessedElapsedEn is not defined
browser-smoke	UNKNOWN STEP	2026-08-31T01:39:01.4480461Z   [/] pageerror: _i18nProcessedElapsedEn is not defined
browser-smoke	UNKNOWN STEP	2026-08-31T01:39:01.4480854Z   [/] pageerror: _i18nProcessedElapsedZh is not defined
browser-smoke	UNKNOWN STEP	2026-08-31T01:39:01.4481271Z   [/] pageerror: _i18nProcessedElapsedZhHant is not defined
browser-smoke	UNKNOWN STEP	2026-08-31T01:39:01.4501718Z   [/] pageerror: _i18nProcessedElapsedEn is not defined
browser-smoke	UNKNOWN STEP	2026-08-31T01:39:01.4502402Z   [/] pageerror: _i18nProcessedElapsedEn is not defined
browser-smoke	UNKNOWN STEP	2026-08-31T01:39:01.4502906Z   [/] pageerror: _i18nProcessedElapsedEn is not defined
browser-smoke	UNKNOWN STEP	2026-08-31T01:39:01.4503294Z   [/] pageerror: _i18nProcessedElapsedCs is not defined
browser-smoke	UNKNOWN STEP	2026-08-31T01:39:01.4504105Z   [/] pageerror: _i18nProcessedElapsedEn is not defined
browser-smoke	UNKNOWN STEP	2026-08-31T01:39:01.4504557Z   [/] pageerror: _i18nProcessedElapsedPl is not defined
browser-smoke	UNKNOWN STEP	2026-08-31T01:39:01.4504962Z   [/] pageerror: _i18nProcessedElapsedVi is not defined
browser-smoke	UNKNOWN STEP	2026-08-31T01:39:01.4505424Z   [/] pageerror: Cannot read properties of undefined (reading '_speech')
browser-smoke	UNKNOWN STEP	2026-08-31T01:39:01.4505962Z   [/] pageerror: Cannot read properties of undefined (reading 'no_workspace')
browser-smoke	UNKNOWN STEP	2026-08-31T01:39:01.4506489Z   [/] pageerror: Cannot read properties of undefined (reading 'cmd_help')
browser-smoke	UNKNOWN STEP	2026-08-31T01:39:01.4507035Z   [/] pageerror: Cannot read properties of undefined (reading 'voice_dictate')
browser-smoke	UNKNOWN STEP	2026-08-31T01:39:01.4507572Z   [/] pageerror: Cannot read properties of undefined (reading 'tab_dashboard')
browser-smoke	UNKNOWN STEP	2026-08-31T01:39:01.4508075Z   [/#settings] pageerror: _i18nProcessedElapsedEn is not defined
browser-smoke	UNKNOWN STEP	2026-08-31T01:39:01.4508537Z   [/#settings] pageerror: _i18nProcessedElapsedEn is not defined
browser-smoke	UNKNOWN STEP	2026-08-31T01:39:01.4508993Z   [/#settings] pageerror: _i18nProcessedElapsedEn is not defined
browser-smoke	UNKNOWN STEP	2026-08-31T01:39:01.4509439Z   [/#settings] pageerror: _i18nProcessedElapsedRu is not defined
browser-smoke	UNKNOWN STEP	2026-08-31T01:39:01.4510231Z   [/#settings] pageerror: _i18nProcessedElapsedEn is not defined
browser-smoke	UNKNOWN STEP	2026-08-31T01:39:01.4510666Z   [/#settings] pageerror: _i18nProcessedElapsedEn is not defined
browser-smoke	UNKNOWN STEP	2026-08-31T01:39:01.4511108Z   [/#settings] pageerror: _i18nProcessedElapsedZh is not defined
browser-smoke	UNKNOWN STEP	2026-08-31T01:39:01.4511560Z   [/#settings] pageerror: _i18nProcessedElapsedZhHant is not defined
browser-smoke	UNKNOWN STEP	2026-08-31T01:39:01.4512018Z   [/#settings] pageerror: _i18nProcessedElapsedEn is not defined
browser-smoke	UNKNOWN STEP	2026-08-31T01:39:01.4512461Z   [/#settings] pageerror: _i18nProcessedElapsedEn is not defined
browser-smoke	UNKNOWN STEP	2026-08-31T01:39:01.4512894Z   [/#settings] pageerror: _i18nProcessedElapsedEn is not defined
browser-smoke	UNKNOWN STEP	2026-08-31T01:39:01.4513364Z   [/#settings] pageerror: _i18nProcessedElapsedCs is not defined
browser-smoke	UNKNOWN STEP	2026-08-31T01:39:01.4514161Z   [/#settings] pageerror: _i18nProcessedElapsedEn is not defined
browser-smoke	UNKNOWN STEP	2026-08-31T01:39:01.4514846Z   [/#settings] pageerror: _i18nProcessedElapsedPl is not defined
browser-smoke	UNKNOWN STEP	2026-08-31T01:39:01.4515803Z   [/#settings] pageerror: _i18nProcessedElapsedVi is not defined
browser-smoke	UNKNOWN STEP	2026-08-31T01:39:01.4516593Z   [/#settings] pageerror: Cannot read properties of undefined (reading '_speech')
browser-smoke	UNKNOWN STEP	2026-08-31T01:39:01.4517527Z   [/#settings] pageerror: Cannot read properties of undefined (reading 'no_workspace')
browser-smoke	UNKNOWN STEP	2026-08-31T01:39:01.4518150Z   [/#settings] pageerror: Cannot read properties of undefined (reading 'cmd_help')
browser-smoke	UNKNOWN STEP	2026-08-31T01:39:01.4518708Z   [/#settings] pageerror: Cannot read properties of undefined (reading 'voice_dictate')
browser-smoke	UNKNOWN STEP	2026-08-31T01:39:01.4519271Z   [/#settings] pageerror: Cannot read properties of undefined (reading 'tab_dashboard')
browser-smoke	UNKNOWN STEP	2026-08-31T01:39:01.4519774Z   [/#sessions] pageerror: _i18nProcessedElapsedEn is not defined
browser-smoke	UNKNOWN STEP	2026-08-31T01:39:01.4520192Z   [/#sessions] pageerror: _i18nProcessedElapsedEn is not defined
browser-smoke	UNKNOWN STEP	2026-08-31T01:39:01.4520599Z   [/#sessions] pageerror: _i18nProcessedElapsedEn is not defined
browser-smoke	UNKNOWN STEP	2026-08-31T01:39:01.4521006Z   [/#sessions] pageerror: _i18nProcessedElapsedRu is not defined
browser-smoke	UNKNOWN STEP	2026-08-31T01:39:01.4521430Z   [/#sessions] pageerror: _i18nProcessedElapsedEn is not defined
browser-smoke	UNKNOWN STEP	2026-08-31T01:39:01.4521841Z   [/#sessions] pageerror: _i18nProcessedElapsedEn is not defined
browser-smoke	UNKNOWN STEP	2026-08-31T01:39:01.4522245Z   [/#sessions] pageerror: _i18nProcessedElapsedZh is not defined
browser-smoke	UNKNOWN STEP	2026-08-31T01:39:01.4522670Z   [/#sessions] pageerror: _i18nProcessedElapsedZhHant is not defined
browser-smoke	UNKNOWN STEP	2026-08-31T01:39:01.4523114Z   [/#sessions] pageerror: _i18nProcessedElapsedEn is not defined
browser-smoke	UNKNOWN STEP	2026-08-31T01:39:01.4523520Z   [/#sessions] pageerror: _i18nProcessedElapsedEn is not defined
browser-smoke	UNKNOWN STEP	2026-08-31T01:39:01.4524176Z   [/#sessions] pageerror: _i18nProcessedElapsedEn is not defined
browser-smoke	UNKNOWN STEP	2026-08-31T01:39:01.4524586Z   [/#sessions] pageerror: _i18nProcessedElapsedCs is not defined
browser-smoke	UNKNOWN STEP	2026-08-31T01:39:01.4524998Z   [/#sessions] pageerror: _i18nProcessedElapsedEn is not defined
browser-smoke	UNKNOWN STEP	2026-08-31T01:39:01.4525420Z   [/#sessions] pageerror: _i18nProcessedElapsedPl is not defined
browser-smoke	UNKNOWN STEP	2026-08-31T01:39:01.4525830Z   [/#sessions] pageerror: _i18nProcessedElapsedVi is not defined
browser-smoke	UNKNOWN STEP	2026-08-31T01:39:01.4526307Z   [/#sessions] pageerror: Cannot read properties of undefined (reading '_speech')
browser-smoke	UNKNOWN STEP	2026-08-31T01:39:01.4526870Z   [/#sessions] pageerror: Cannot read properties of undefined (reading 'no_workspace')
browser-smoke	UNKNOWN STEP	2026-08-31T01:39:01.4527429Z   [/#sessions] pageerror: Cannot read properties of undefined (reading 'cmd_help')
browser-smoke	UNKNOWN STEP	2026-08-31T01:39:01.4527974Z   [/#sessions] pageerror: Cannot read properties of undefined (reading 'voice_dictate')
browser-smoke	UNKNOWN STEP	2026-08-31T01:39:01.4528550Z   [/#sessions] pageerror: Cannot read properties of undefined (reading 'tab_dashboard')
browser-smoke	UNKNOWN STEP	2026-08-31T01:39:01.8373288Z ##[error]Process completed with exit code 1.
browser-smoke	UNKNOWN STEP	2026-08-31T01:39:01.8520358Z Node 20 is being deprecated. This workflow is running with Node 24 by default. If you need to temporarily use Node 20, you can set the ACTIONS_ALLOW_USE_UNSECURE_NODE_VERSION=true environment variable. For more information see: https://github.blog/changelog/2025-09-19-deprecation-of-node-20-on-github-actions-runners/
browser-smoke	UNKNOWN STEP	2026-08-31T01:39:01.8521645Z Post job cleanup.
browser-smoke	UNKNOWN STEP	2026-08-31T01:39:01.9346205Z [command]/usr/bin/git version
browser-smoke	UNKNOWN STEP	2026-08-31T01:39:01.9383157Z git version 2.55.0
browser-smoke	UNKNOWN STEP	2026-08-31T01:39:01.9420293Z Temporarily overriding HOME='/home/runner/work/_temp/589249d5-382a-4185-bd84-582c32d0f46c' before making global git config changes
browser-smoke	UNKNOWN STEP	2026-08-31T01:39:01.9421388Z Adding repository directory to the temporary git global config as a safe directory
browser-smoke	UNKNOWN STEP	2026-08-31T01:39:01.9426090Z [command]/usr/bin/git config --global --add safe.directory /home/runner/work/hermes-webui/hermes-webui
browser-smoke	UNKNOWN STEP	2026-08-31T01:39:01.9462009Z [command]/usr/bin/git config --local --name-only --get-regexp core\.sshCommand
browser-smoke	UNKNOWN STEP	2026-08-31T01:39:01.9495155Z [command]/usr/bin/git submodule foreach --recursive sh -c "git config --local --name-only --get-regexp 'core\.sshCommand' && git config --local --unset-all 'core.sshCommand' || :"
browser-smoke	UNKNOWN STEP	2026-08-31T01:39:01.9720432Z [command]/usr/bin/git config --local --name-only --get-regexp http\.https\:\/\/github\.com\/\.extraheader
browser-smoke	UNKNOWN STEP	2026-08-31T01:39:01.9760253Z http.https://github.com/.extraheader
browser-smoke	UNKNOWN STEP	2026-08-31T01:39:01.9770384Z [command]/usr/bin/git config --local --unset-all http.https://github.com/.extraheader
browser-smoke	UNKNOWN STEP	2026-08-31T01:39:01.9802056Z [command]/usr/bin/git submodule foreach --recursive sh -c "git config --local --name-only --get-regexp 'http\.https\:\/\/github\.com\/\.extraheader' && git config --local --unset-all 'http.https://github.com/.extraheader' || :"
browser-smoke	UNKNOWN STEP	2026-08-31T01:39:02.0023105Z [command]/usr/bin/git config --local --name-only --get-regexp ^includeIf\.gitdir:
browser-smoke	UNKNOWN STEP	2026-08-31T01:39:02.0054321Z [command]/usr/bin/git submodule foreach --recursive git config --local --show-origin --name-only --get-regexp remote.origin.url
browser-smoke	UNKNOWN STEP	2026-08-31T01:39:02.0407734Z Cleaning up orphan processes
browser-smoke	UNKNOWN STEP	2026-08-31T01:39:02.0826274Z ##[warning]Node.js 20 is deprecated. The following actions target Node.js 20 but are being forced to run on Node.js 24: actions/checkout@v4, actions/setup-python@v5. For more information see: https://github.blog/changelog/2025-09-19-deprecation-of-node-20-on-github-actions-runners/
